Archive member included to satisfy reference by file (symbol)

/usr/local/gcc-arm-none-eabi-6_2-2016q4/bin/../lib/gcc/arm-none-eabi/6.2.1/../../../../arm-none-eabi/lib/thumb/v7e-m/fpv4-sp/hard/libc_nano.a(lib_a-exit.o)
                              /usr/local/gcc-arm-none-eabi-6_2-2016q4/bin/../lib/gcc/arm-none-eabi/6.2.1/../../../../arm-none-eabi/lib/thumb/v7e-m/fpv4-sp/hard/crt0.o (exit)
/usr/local/gcc-arm-none-eabi-6_2-2016q4/bin/../lib/gcc/arm-none-eabi/6.2.1/../../../../arm-none-eabi/lib/thumb/v7e-m/fpv4-sp/hard/libc_nano.a(lib_a-impure.o)
                              /usr/local/gcc-arm-none-eabi-6_2-2016q4/bin/../lib/gcc/arm-none-eabi/6.2.1/../../../../arm-none-eabi/lib/thumb/v7e-m/fpv4-sp/hard/libc_nano.a(lib_a-exit.o) (_global_impure_ptr)
/usr/local/gcc-arm-none-eabi-6_2-2016q4/bin/../lib/gcc/arm-none-eabi/6.2.1/../../../../arm-none-eabi/lib/thumb/v7e-m/fpv4-sp/hard/libc_nano.a(lib_a-init.o)
                              /usr/local/gcc-arm-none-eabi-6_2-2016q4/bin/../lib/gcc/arm-none-eabi/6.2.1/../../../../arm-none-eabi/lib/thumb/v7e-m/fpv4-sp/hard/crt0.o (__libc_init_array)
/usr/local/gcc-arm-none-eabi-6_2-2016q4/bin/../lib/gcc/arm-none-eabi/6.2.1/../../../../arm-none-eabi/lib/thumb/v7e-m/fpv4-sp/hard/libc_nano.a(lib_a-memset.o)
                              /usr/local/gcc-arm-none-eabi-6_2-2016q4/bin/../lib/gcc/arm-none-eabi/6.2.1/../../../../arm-none-eabi/lib/thumb/v7e-m/fpv4-sp/hard/crt0.o (memset)
/usr/local/gcc-arm-none-eabi-6_2-2016q4/bin/../lib/gcc/arm-none-eabi/6.2.1/../../../../arm-none-eabi/lib/thumb/v7e-m/fpv4-sp/hard/libnosys.a(_exit.o)
                              /usr/local/gcc-arm-none-eabi-6_2-2016q4/bin/../lib/gcc/arm-none-eabi/6.2.1/../../../../arm-none-eabi/lib/thumb/v7e-m/fpv4-sp/hard/libc_nano.a(lib_a-exit.o) (_exit)

Allocating common symbols
Common symbol       size              file

m_channel_id        0x1               _build/main.o

Discarded input sections

 .text          0x0000000000000000        0x0 /usr/local/gcc-arm-none-eabi-6_2-2016q4/bin/../lib/gcc/arm-none-eabi/6.2.1/thumb/v7e-m/fpv4-sp/hard/crti.o
 .data          0x0000000000000000        0x0 /usr/local/gcc-arm-none-eabi-6_2-2016q4/bin/../lib/gcc/arm-none-eabi/6.2.1/thumb/v7e-m/fpv4-sp/hard/crti.o
 .bss           0x0000000000000000        0x0 /usr/local/gcc-arm-none-eabi-6_2-2016q4/bin/../lib/gcc/arm-none-eabi/6.2.1/thumb/v7e-m/fpv4-sp/hard/crti.o
 .data          0x0000000000000000        0x4 /usr/local/gcc-arm-none-eabi-6_2-2016q4/bin/../lib/gcc/arm-none-eabi/6.2.1/thumb/v7e-m/fpv4-sp/hard/crtbegin.o
 .data          0x0000000000000000        0x0 /usr/local/gcc-arm-none-eabi-6_2-2016q4/bin/../lib/gcc/arm-none-eabi/6.2.1/../../../../arm-none-eabi/lib/thumb/v7e-m/fpv4-sp/hard/crt0.o
 .bss           0x0000000000000000        0x0 /usr/local/gcc-arm-none-eabi-6_2-2016q4/bin/../lib/gcc/arm-none-eabi/6.2.1/../../../../arm-none-eabi/lib/thumb/v7e-m/fpv4-sp/hard/crt0.o
 .ARM.extab     0x0000000000000000        0x0 /usr/local/gcc-arm-none-eabi-6_2-2016q4/bin/../lib/gcc/arm-none-eabi/6.2.1/../../../../arm-none-eabi/lib/thumb/v7e-m/fpv4-sp/hard/crt0.o
 .text          0x0000000000000000        0x0 /usr/local/gcc-arm-none-eabi-6_2-2016q4/bin/../lib/gcc/arm-none-eabi/6.2.1/../../../../arm-none-eabi/lib/thumb/v7e-m/fpv4-sp/hard/libc_nano.a(lib_a-exit.o)
 .data          0x0000000000000000        0x0 /usr/local/gcc-arm-none-eabi-6_2-2016q4/bin/../lib/gcc/arm-none-eabi/6.2.1/../../../../arm-none-eabi/lib/thumb/v7e-m/fpv4-sp/hard/libc_nano.a(lib_a-exit.o)
 .bss           0x0000000000000000        0x0 /usr/local/gcc-arm-none-eabi-6_2-2016q4/bin/../lib/gcc/arm-none-eabi/6.2.1/../../../../arm-none-eabi/lib/thumb/v7e-m/fpv4-sp/hard/libc_nano.a(lib_a-exit.o)
 .text          0x0000000000000000        0x0 /usr/local/gcc-arm-none-eabi-6_2-2016q4/bin/../lib/gcc/arm-none-eabi/6.2.1/../../../../arm-none-eabi/lib/thumb/v7e-m/fpv4-sp/hard/libc_nano.a(lib_a-impure.o)
 .data          0x0000000000000000        0x0 /usr/local/gcc-arm-none-eabi-6_2-2016q4/bin/../lib/gcc/arm-none-eabi/6.2.1/../../../../arm-none-eabi/lib/thumb/v7e-m/fpv4-sp/hard/libc_nano.a(lib_a-impure.o)
 .bss           0x0000000000000000        0x0 /usr/local/gcc-arm-none-eabi-6_2-2016q4/bin/../lib/gcc/arm-none-eabi/6.2.1/../../../../arm-none-eabi/lib/thumb/v7e-m/fpv4-sp/hard/libc_nano.a(lib_a-impure.o)
 .data._impure_ptr
                0x0000000000000000        0x4 /usr/local/gcc-arm-none-eabi-6_2-2016q4/bin/../lib/gcc/arm-none-eabi/6.2.1/../../../../arm-none-eabi/lib/thumb/v7e-m/fpv4-sp/hard/libc_nano.a(lib_a-impure.o)
 .text          0x0000000000000000        0x0 /usr/local/gcc-arm-none-eabi-6_2-2016q4/bin/../lib/gcc/arm-none-eabi/6.2.1/../../../../arm-none-eabi/lib/thumb/v7e-m/fpv4-sp/hard/libc_nano.a(lib_a-init.o)
 .data          0x0000000000000000        0x0 /usr/local/gcc-arm-none-eabi-6_2-2016q4/bin/../lib/gcc/arm-none-eabi/6.2.1/../../../../arm-none-eabi/lib/thumb/v7e-m/fpv4-sp/hard/libc_nano.a(lib_a-init.o)
[...]
Memory Configuration

Name             Origin             Length             Attributes
FLASH            0x0000000000000000 0x0000000000080000 xr
RAM              0x0000000020000000 0x0000000000010000 xrw
*default*        0x0000000000000000 0xffffffffffffffff

Linker script and memory map


.text           0x0000000000000000     0x3a6c
 *(.isr_vector)
 .isr_vector    0x0000000000000000      0x400 _build/gcc_startup_nrf52.o
                0x0000000000000000                __isr_vector
 *(.text*)
 .text          0x0000000000000400       0x6c /usr/local/gcc-arm-none-eabi-6_2-2016q4/bin/../lib/gcc/arm-none-eabi/6.2.1/thumb/v7e-m/fpv4-sp/hard/crtbegin.o
 .text          0x000000000000046c       0x74 /usr/local/gcc-arm-none-eabi-6_2-2016q4/bin/../lib/gcc/arm-none-eabi/6.2.1/../../../../arm-none-eabi/lib/thumb/v7e-m/fpv4-sp/hard/crt0.o
                0x000000000000046c                _mainCRTStartup
                0x000000000000046c                _start
 .text.exit     0x00000000000004e0       0x28 /usr/local/gcc-arm-none-eabi-6_2-2016q4/bin/../lib/gcc/arm-none-eabi/6.2.1/../../../../arm-none-eabi/lib/thumb/v7e-m/fpv4-sp/hard/libc_nano.a(lib_a-exit.o)
                0x00000000000004e0                exit
 .text.__libc_init_array
                0x0000000000000508       0x48 /usr/local/gcc-arm-none-eabi-6_2-2016q4/bin/../lib/gcc/arm-none-eabi/6.2.1/../../../../arm-none-eabi/lib/thumb/v7e-m/fpv4-sp/hard/libc_nano.a(lib_a-init.o)
                0x0000000000000508                __libc_init_array
 .text.memset   0x0000000000000550       0x10 /usr/local/gcc-arm-none-eabi-6_2-2016q4/bin/../lib/gcc/arm-none-eabi/6.2.1/../../../../arm-none-eabi/lib/thumb/v7e-m/fpv4-sp/hard/libc_nano.a(lib_a-memset.o)
                0x0000000000000550                memset
 .text._exit    0x0000000000000560        0x4 /usr/local/gcc-arm-none-eabi-6_2-2016q4/bin/../lib/gcc/arm-none-eabi/6.2.1/../../../../arm-none-eabi/lib/thumb/v7e-m/fpv4-sp/hard/libnosys.a(_exit.o)
                0x0000000000000560                _exit
 .text.detection_delay_timeout_handler
                0x0000000000000564       0xc8 _build/app_button.o
 .text.gpiote_event_handler
                0x000000000000062c       0xa0 _build/app_button.o
 .text.app_button_init
                0x00000000000006cc       0xd4 _build/app_button.o
                0x00000000000006cc                app_button_init
 .text.app_button_enable
                0x00000000000007a0       0x44 _build/app_button.o
                0x00000000000007a0                app_button_enable
 .text.app_error_handler_bare
                0x00000000000007e4       0x2c _build/app_error.o
                0x00000000000007e4                app_error_handler_bare
 .text.NVIC_SystemReset
                0x0000000000000810       0x28 _build/app_error_weak.o
 .text.app_error_fault_handler
                0x0000000000000838       0x18 _build/app_error_weak.o
                0x0000000000000838                app_error_fault_handler
 .text.NVIC_EnableIRQ
                0x0000000000000850       0x34 _build/app_timer.o
 .text.NVIC_DisableIRQ
                0x0000000000000884       0x34 _build/app_timer.o
 .text.NVIC_SetPendingIRQ
                0x00000000000008b8       0x34 _build/app_timer.o
 .text.NVIC_ClearPendingIRQ
                0x00000000000008ec       0x34 _build/app_timer.o
 .text.NVIC_SetPriority
                0x0000000000000920       0x54 _build/app_timer.o
 .text.NVIC_GetPriority
                0x0000000000000974       0x50 _build/app_timer.o
 .text.is_word_aligned
                0x00000000000009c4       0x24 _build/app_timer.o
 .text.current_int_priority_get
                0x00000000000009e8       0x3a _build/app_timer.o
 *fill*         0x0000000000000a22        0x2 
 .text.rtc1_init
                0x0000000000000a24       0x24 _build/app_timer.o
 .text.rtc1_start
                0x0000000000000a48       0xc4 _build/app_timer.o
 .text.rtc1_stop
                0x0000000000000b0c      0x14c _build/app_timer.o
 .text.rtc1_counter_get
                0x0000000000000c58       0x18 _build/app_timer.o
 .text.ticks_diff_get
                0x0000000000000c70       0x20 _build/app_timer.o
 .text.rtc1_compare0_set
                0x0000000000000c90       0x20 _build/app_timer.o
 .text.timer_list_insert
                0x0000000000000cb0       0xb4 _build/app_timer.o
 .text.timer_list_remove
                0x0000000000000d64       0xa8 _build/app_timer.o
 .text.timer_timeouts_check_sched
                0x0000000000000e0c        0xe _build/app_timer.o
 .text.timer_list_handler_sched
                0x0000000000000e1a        0xe _build/app_timer.o
 .text.timeout_handler_exec
                0x0000000000000e28       0x4c _build/app_timer.o
 .text.timer_timeouts_check
                0x0000000000000e74       0xc8 _build/app_timer.o
 .text.elapsed_ticks_acquire
                0x0000000000000f3c       0x80 _build/app_timer.o
 .text.list_deletions_handler
                0x0000000000000fbc       0xc0 _build/app_timer.o
 .text.expired_timers_handler
                0x000000000000107c       0x9c _build/app_timer.o
 .text.list_insertions_handler
                0x0000000000001118      0x184 _build/app_timer.o
 .text.compare_reg_update
                0x000000000000129c      0x130 _build/app_timer.o
 .text.timer_list_handler
                0x00000000000013cc       0x78 _build/app_timer.o
 .text.user_op_enque
                0x0000000000001444       0x1e _build/app_timer.o
 .text.user_op_alloc
                0x0000000000001462       0x58 _build/app_timer.o
 *fill*         0x00000000000014ba        0x2 
 .text.timer_start_op_schedule
                0x00000000000014bc       0x80 _build/app_timer.o
 .text.timer_stop_op_schedule
                0x000000000000153c       0x60 _build/app_timer.o
 .text.RTC1_IRQHandler
                0x000000000000159c       0x40 _build/app_timer.o
                0x000000000000159c                RTC1_IRQHandler
 .text.SWI0_EGU0_IRQHandler
                0x00000000000015dc        0xc _build/app_timer.o
                0x00000000000015dc                SWI0_EGU0_IRQHandler
 .text.app_timer_init
                0x00000000000015e8       0xf8 _build/app_timer.o
                0x00000000000015e8                app_timer_init
 .text.app_timer_create
                0x00000000000016e0       0x68 _build/app_timer.o
                0x00000000000016e0                app_timer_create
 .text.user_id_get
                0x0000000000001748       0x32 _build/app_timer.o
 *fill*         0x000000000000177a        0x2 
 .text.app_timer_start
                0x000000000000177c       0x6c _build/app_timer.o
                0x000000000000177c                app_timer_start
 .text.app_timer_stop
                0x00000000000017e8       0x4c _build/app_timer.o
                0x00000000000017e8                app_timer_stop
 .text.app_util_disable_irq
                0x0000000000001834       0x20 _build/app_util_platform.o
                0x0000000000001834                app_util_disable_irq
 .text.app_util_enable_irq
                0x0000000000001854       0x28 _build/app_util_platform.o
                0x0000000000001854                app_util_enable_irq
 .text.app_util_critical_region_enter
                0x000000000000187c       0x14 _build/app_util_platform.o
                0x000000000000187c                app_util_critical_region_enter
 .text.app_util_critical_region_exit
                0x0000000000001890       0x16 _build/app_util_platform.o
                0x0000000000001890                app_util_critical_region_exit
 .text.nrf_delay_ms
                0x00000000000018a6       0xa4 _build/nrf_delay.o
                0x00000000000018a6                nrf_delay_ms
 .text.nrf_clock_int_enable
                0x000000000000194a       0x1e _build/nrf_drv_clock.o
 .text.nrf_clock_int_disable
                0x0000000000001968       0x1e _build/nrf_drv_clock.o
 .text.nrf_clock_task_trigger
                0x0000000000001986       0x20 _build/nrf_drv_clock.o
 .text.nrf_clock_event_clear
                0x00000000000019a6       0x2c _build/nrf_drv_clock.o
 .text.nrf_clock_event_check
                0x00000000000019d2       0x28 _build/nrf_drv_clock.o
 .text.nrf_clock_lf_src_set
                0x00000000000019fa       0x24 _build/nrf_drv_clock.o
 .text.nrf_clock_xtalfreq_set
                0x0000000000001a1e       0x16 _build/nrf_drv_clock.o
 .text.lfclk_start
                0x0000000000001a34       0x1c _build/nrf_drv_clock.o
 .text.nrf_drv_clock_init
                0x0000000000001a50       0x58 _build/nrf_drv_clock.o
                0x0000000000001a50                nrf_drv_clock_init
 .text.item_enqueue
                0x0000000000001aa8       0x3a _build/nrf_drv_clock.o
 .text.item_dequeue
                0x0000000000001ae2       0x2a _build/nrf_drv_clock.o
 .text.nrf_drv_clock_lfclk_request
                0x0000000000001b0c       0x64 _build/nrf_drv_clock.o
                0x0000000000001b0c                nrf_drv_clock_lfclk_request
 .text.clock_clk_started_notify
                0x0000000000001b70       0x30 _build/nrf_drv_clock.o
 .text.POWER_CLOCK_IRQHandler
                0x0000000000001ba0       0x68 _build/nrf_drv_clock.o
                0x0000000000001ba0                POWER_CLOCK_IRQHandler
 .text.NVIC_EnableIRQ
                0x0000000000001c08       0x34 _build/nrf_drv_common.o
 .text.NVIC_ClearPendingIRQ
                0x0000000000001c3c       0x34 _build/nrf_drv_common.o
 .text.NVIC_SetPriority
                0x0000000000001c70       0x54 _build/nrf_drv_common.o
 .text.nrf_drv_common_irq_enable
                0x0000000000001cc4       0x3a _build/nrf_drv_common.o
                0x0000000000001cc4                nrf_drv_common_irq_enable
 .text.nrf_gpiote_event_is_set
                0x0000000000001cfe       0x28 _build/nrf_drv_gpiote.o
 .text.nrf_gpiote_event_clear
                0x0000000000001d26       0x32 _build/nrf_drv_gpiote.o
 .text.nrf_gpiote_event_addr_get
                0x0000000000001d58       0x20 _build/nrf_drv_gpiote.o
 .text.nrf_gpiote_int_enable
                0x0000000000001d78       0x20 _build/nrf_drv_gpiote.o
 .text.nrf_gpiote_int_is_enabled
                0x0000000000001d98       0x24 _build/nrf_drv_gpiote.o
 .text.nrf_gpiote_event_enable
                0x0000000000001dbc       0x34 _build/nrf_drv_gpiote.o
 .text.nrf_gpiote_event_configure
                0x0000000000001df0       0x6c _build/nrf_drv_gpiote.o
 .text.nrf_gpiote_event_pin_get
                0x0000000000001e5c       0x2c _build/nrf_drv_gpiote.o
 .text.nrf_gpiote_event_polarity_get
                0x0000000000001e88       0x2c _build/nrf_drv_gpiote.o
 .text.nrf_gpio_cfg
                0x0000000000001eb4       0x4e _build/nrf_drv_gpiote.o
 .text.nrf_gpio_cfg_input
                0x0000000000001f02       0x2a _build/nrf_drv_gpiote.o
 .text.nrf_gpio_cfg_watcher
                0x0000000000001f2c       0x38 _build/nrf_drv_gpiote.o
 .text.nrf_gpio_cfg_sense_set
                0x0000000000001f64       0x5a _build/nrf_drv_gpiote.o
 .text.nrf_gpio_pin_read
                0x0000000000001fbe       0x26 _build/nrf_drv_gpiote.o
 .text.nrf_gpio_pins_read
                0x0000000000001fe4       0x16 _build/nrf_drv_gpiote.o
 .text.nrf_gpio_pin_sense_get
                0x0000000000001ffa       0x2a _build/nrf_drv_gpiote.o
 .text.pin_in_use_by_te
                0x0000000000002024       0x44 _build/nrf_drv_gpiote.o
 .text.pin_in_use_by_port
                0x0000000000002068       0x30 _build/nrf_drv_gpiote.o
 .text.pin_in_use_by_gpiote
                0x0000000000002098       0x2c _build/nrf_drv_gpiote.o
 .text.pin_in_use_by_te_set
                0x00000000000020c4       0x58 _build/nrf_drv_gpiote.o
 .text.pin_in_use_clear
                0x000000000000211c       0x24 _build/nrf_drv_gpiote.o
 .text.channel_port_get
                0x0000000000002140       0x24 _build/nrf_drv_gpiote.o
 .text.channel_handler_get
                0x0000000000002164       0x20 _build/nrf_drv_gpiote.o
 .text.channel_port_alloc
                0x0000000000002184       0x74 _build/nrf_drv_gpiote.o
 .text.channel_free
                0x00000000000021f8       0x3c _build/nrf_drv_gpiote.o
 .text.nrf_drv_gpiote_init
                0x0000000000002234       0x70 _build/nrf_drv_gpiote.o
                0x0000000000002234                nrf_drv_gpiote_init
 .text.nrf_drv_gpiote_is_init
                0x00000000000022a4       0x24 _build/nrf_drv_gpiote.o
                0x00000000000022a4                nrf_drv_gpiote_is_init
 .text.nrf_drv_gpiote_in_init
                0x00000000000022c8       0xb4 _build/nrf_drv_gpiote.o
                0x00000000000022c8                nrf_drv_gpiote_in_init
 .text.nrf_drv_gpiote_in_event_enable
                0x000000000000237c       0xd8 _build/nrf_drv_gpiote.o
                0x000000000000237c                nrf_drv_gpiote_in_event_enable
 .text.nrf_drv_gpiote_in_is_set
                0x0000000000002454       0x22 _build/nrf_drv_gpiote.o
                0x0000000000002454                nrf_drv_gpiote_in_is_set
 *fill*         0x0000000000002476        0x2 
 .text.GPIOTE_IRQHandler
                0x0000000000002478      0x21c _build/nrf_drv_gpiote.o
                0x0000000000002478                GPIOTE_IRQHandler
 .text.nrf_wdt_behaviour_set
                0x0000000000002694       0x24 _build/nrf_drv_wdt.o
 .text.nrf_wdt_task_trigger
                0x00000000000026b8       0x24 _build/nrf_drv_wdt.o
 .text.nrf_wdt_event_clear
                0x00000000000026dc       0x24 _build/nrf_drv_wdt.o
 .text.nrf_wdt_int_enable
                0x0000000000002700       0x20 _build/nrf_drv_wdt.o
 .text.nrf_wdt_int_enable_check
                0x0000000000002720       0x2c _build/nrf_drv_wdt.o
 .text.nrf_wdt_reload_value_set
                0x000000000000274c       0x20 _build/nrf_drv_wdt.o
 .text.nrf_wdt_reload_request_enable
                0x000000000000276c       0x30 _build/nrf_drv_wdt.o
 .text.nrf_wdt_reload_request_set
                0x000000000000279c       0x2c _build/nrf_drv_wdt.o
 .text.WDT_IRQHandler
                0x00000000000027c8       0x28 _build/nrf_drv_wdt.o
                0x00000000000027c8                WDT_IRQHandler
 .text.nrf_drv_wdt_init
                0x00000000000027f0       0x74 _build/nrf_drv_wdt.o
                0x00000000000027f0                nrf_drv_wdt_init
 .text.nrf_drv_wdt_enable
                0x0000000000002864       0x20 _build/nrf_drv_wdt.o
                0x0000000000002864                nrf_drv_wdt_enable
 .text.nrf_drv_wdt_channel_alloc
                0x0000000000002884       0x54 _build/nrf_drv_wdt.o
                0x0000000000002884                nrf_drv_wdt_channel_alloc
 .text.nrf_drv_wdt_channel_feed
                0x00000000000028d8       0x1a _build/nrf_drv_wdt.o
                0x00000000000028d8                nrf_drv_wdt_channel_feed
 *fill*         0x00000000000028f2        0x2 
 .text.bsp_button_event_handler
                0x00000000000028f4      0x138 _build/bsp.o
 .text.button_timer_handler
                0x0000000000002a2c       0x1c _build/bsp.o
 .text.bsp_led_indication
                0x0000000000002a48      0x688 _build/bsp.o
 .text.leds_timer_handler
                0x00000000000030d0       0x30 _build/bsp.o
 .text.alert_timer_handler
                0x0000000000003100       0x3c _build/bsp.o
 .text.bsp_init
                0x000000000000313c      0x108 _build/bsp.o
                0x000000000000313c                bsp_init
 .text.bsp_event_to_button_action_assign
                0x0000000000003244       0x9c _build/bsp.o
                0x0000000000003244                bsp_event_to_button_action_assign
 .text.bsp_buttons_enable
                0x00000000000032e0        0xe _build/bsp.o
                0x00000000000032e0                bsp_buttons_enable
 .text.nrf_gpio_cfg
                0x00000000000032ee       0x4e _build/main.o
 .text.nrf_gpio_cfg_output
                0x000000000000333c       0x24 _build/main.o
 .text.wdt_event_handler
                0x0000000000003360       0x24 _build/main.o
                0x0000000000003360                wdt_event_handler
 .text.bsp_event_callback
                0x0000000000003384       0x2c _build/main.o
                0x0000000000003384                bsp_event_callback
 .text.main     0x00000000000033b0      0x150 _build/main.o
                0x00000000000033b0                main
 .text.NVIC_SystemReset
                0x0000000000003500       0x28 _build/system_nrf52.o
 .text.SystemCoreClockUpdate
                0x0000000000003528       0x1c _build/system_nrf52.o
                0x0000000000003528                SystemCoreClockUpdate
 .text.SystemInit
                0x0000000000003544      0x258 _build/system_nrf52.o
                0x0000000000003544                SystemInit
 .text.errata_16
                0x000000000000379c       0x44 _build/system_nrf52.o
 .text.errata_31
                0x00000000000037e0       0x64 _build/system_nrf52.o
 .text.errata_32
                0x0000000000003844       0x44 _build/system_nrf52.o
 .text.errata_36
                0x0000000000003888       0x64 _build/system_nrf52.o
 .text.errata_37
                0x00000000000038ec       0x44 _build/system_nrf52.o
 .text.errata_57
                0x0000000000003930       0x44 _build/system_nrf52.o
 .text.errata_66
                0x0000000000003974       0x44 _build/system_nrf52.o
 .text          0x00000000000039b8       0x3c _build/gcc_startup_nrf52.o
                0x00000000000039b8                Reset_Handler
                0x00000000000039e0                NMI_Handler
                0x00000000000039e2                HardFault_Handler
                0x00000000000039e4                MemoryManagement_Handler
                0x00000000000039e6                BusFault_Handler
                0x00000000000039e8                UsageFault_Handler
                0x00000000000039ea                SVC_Handler
                0x00000000000039ec                DebugMonitor_Handler
                0x00000000000039ee                PendSV_Handler
                0x00000000000039f0                SysTick_Handler
                0x00000000000039f2                SPIM0_SPIS0_TWIM0_TWIS0_SPI0_TWI0_IRQHandler
                0x00000000000039f2                UARTE0_UART0_IRQHandler
                0x00000000000039f2                TIMER4_IRQHandler
                0x00000000000039f2                I2S_IRQHandler
                0x00000000000039f2                SWI4_EGU4_IRQHandler
                0x00000000000039f2                TIMER0_IRQHandler
                0x00000000000039f2                TIMER1_IRQHandler
                0x00000000000039f2                PWM2_IRQHandler
                0x00000000000039f2                ECB_IRQHandler
                0x00000000000039f2                SPIM1_SPIS1_TWIM1_TWIS1_SPI1_TWI1_IRQHandler
                0x00000000000039f2                Default_Handler
                0x00000000000039f2                SAADC_IRQHandler
                0x00000000000039f2                CCM_AAR_IRQHandler
                0x00000000000039f2                SWI5_EGU5_IRQHandler
                0x00000000000039f2                RNG_IRQHandler
                0x00000000000039f2                RTC2_IRQHandler
                0x00000000000039f2                PWM0_IRQHandler
                0x00000000000039f2                SWI3_EGU3_IRQHandler
                0x00000000000039f2                SWI1_EGU1_IRQHandler
                0x00000000000039f2                SPIM2_SPIS2_SPI2_IRQHandler
                0x00000000000039f2                NFCT_IRQHandler
                0x00000000000039f2                MWU_IRQHandler
                0x00000000000039f2                TIMER2_IRQHandler
                0x00000000000039f2                COMP_LPCOMP_IRQHandler
                0x00000000000039f2                RTC0_IRQHandler
                0x00000000000039f2                SWI2_EGU2_IRQHandler
                0x00000000000039f2                PWM1_IRQHandler
                0x00000000000039f2                RADIO_IRQHandler
                0x00000000000039f2                PDM_IRQHandler
                0x00000000000039f2                TEMP_IRQHandler
                0x00000000000039f2                QDEC_IRQHandler
                0x00000000000039f2                TIMER3_IRQHandler
                0x00000000000039f2                FPU_IRQHandler
 *(.init)
 .init          0x00000000000039f4        0x4 /usr/local/gcc-arm-none-eabi-6_2-2016q4/bin/../lib/gcc/arm-none-eabi/6.2.1/thumb/v7e-m/fpv4-sp/hard/crti.o
                0x00000000000039f4                _init
 .init          0x00000000000039f8        0x8 /usr/local/gcc-arm-none-eabi-6_2-2016q4/bin/../lib/gcc/arm-none-eabi/6.2.1/thumb/v7e-m/fpv4-sp/hard/crtn.o
 *(.fini)
 .fini          0x0000000000003a00        0x4 /usr/local/gcc-arm-none-eabi-6_2-2016q4/bin/../lib/gcc/arm-none-eabi/6.2.1/thumb/v7e-m/fpv4-sp/hard/crti.o
                0x0000000000003a00                _fini
 .fini          0x0000000000003a04        0x8 /usr/local/gcc-arm-none-eabi-6_2-2016q4/bin/../lib/gcc/arm-none-eabi/6.2.1/thumb/v7e-m/fpv4-sp/hard/crtn.o
 *crtbegin.o(.ctors)
 *crtbegin?.o(.ctors)
 *(EXCLUDE_FILE(*crtend.o *crtend?.o) .ctors)
 *(SORT(.ctors.*))
 *(.ctors)
 *crtbegin.o(.dtors)
 *crtbegin?.o(.dtors)
 *(EXCLUDE_FILE(*crtend.o *crtend?.o) .dtors)
 *(SORT(.dtors.*))
 *(.dtors)
 *(.rodata*)
 .rodata._global_impure_ptr
                0x0000000000003a0c        0x4 /usr/local/gcc-arm-none-eabi-6_2-2016q4/bin/../lib/gcc/arm-none-eabi/6.2.1/../../../../arm-none-eabi/lib/thumb/v7e-m/fpv4-sp/hard/libc_nano.a(lib_a-impure.o)
                0x0000000000003a0c                _global_impure_ptr
 .rodata.m_detection_delay_timer_id
                0x0000000000003a10        0x4 _build/app_button.o
 .rodata.m_default_config
                0x0000000000003a14        0xc _build/nrf_drv_wdt.o
 .rodata.m_leds_timer_id
                0x0000000000003a20        0x4 _build/bsp.o
 .rodata.m_alert_timer_id
                0x0000000000003a24        0x4 _build/bsp.o
 .rodata.m_button_timer_id
                0x0000000000003a28        0x4 _build/bsp.o
 .rodata.m_buttons_list
                0x0000000000003a2c       0x10 _build/bsp.o
 .rodata.app_buttons
                0x0000000000003a3c       0x20 _build/bsp.o
 .rodata        0x0000000000003a5c        0xc _build/main.o
 *(.eh_frame*)
 .eh_frame      0x0000000000003a68        0x0 /usr/local/gcc-arm-none-eabi-6_2-2016q4/bin/../lib/gcc/arm-none-eabi/6.2.1/thumb/v7e-m/fpv4-sp/hard/crtbegin.o
 .eh_frame      0x0000000000003a68        0x4 /usr/local/gcc-arm-none-eabi-6_2-2016q4/bin/../lib/gcc/arm-none-eabi/6.2.1/thumb/v7e-m/fpv4-sp/hard/crtend.o

.glue_7         0x0000000000003a6c        0x0
 .glue_7        0x0000000000003a6c        0x0 linker stubs

.glue_7t        0x0000000000003a6c        0x0
 .glue_7t       0x0000000000003a6c        0x0 linker stubs

.vfp11_veneer   0x0000000000003a6c        0x0
 .vfp11_veneer  0x0000000000003a6c        0x0 linker stubs

.v4_bx          0x0000000000003a6c        0x0
 .v4_bx         0x0000000000003a6c        0x0 linker stubs

.iplt           0x0000000000003a6c        0x0
 .iplt          0x0000000000003a6c        0x0 /usr/local/gcc-arm-none-eabi-6_2-2016q4/bin/../lib/gcc/arm-none-eabi/6.2.1/thumb/v7e-m/fpv4-sp/hard/crtbegin.o

.ARM.extab
 *(.ARM.extab* .gnu.linkonce.armextab.*)
                0x0000000000003a6c                __exidx_start = .

.ARM.exidx      0x0000000000003a6c        0x8
 *(.ARM.exidx* .gnu.linkonce.armexidx.*)
 .ARM.exidx     0x0000000000003a6c        0x8 /usr/local/gcc-arm-none-eabi-6_2-2016q4/bin/../lib/gcc/arm-none-eabi/6.2.1/../../../../arm-none-eabi/lib/thumb/v7e-m/fpv4-sp/hard/crt0.o
                0x0000000000003a74                __exidx_end = .
                0x0000000000003a74                __etext = .

.rel.dyn        0x0000000000003a74        0x0
 .rel.iplt      0x0000000000003a74        0x0 /usr/local/gcc-arm-none-eabi-6_2-2016q4/bin/../lib/gcc/arm-none-eabi/6.2.1/thumb/v7e-m/fpv4-sp/hard/crtbegin.o

.data           0x0000000020000000       0x70 load address 0x0000000000003a74
                0x0000000020000000                __data_start__ = .
 *(vtable)
 *(.data*)
 .data.impure_data
                0x0000000020000000       0x60 /usr/local/gcc-arm-none-eabi-6_2-2016q4/bin/../lib/gcc/arm-none-eabi/6.2.1/../../../../arm-none-eabi/lib/thumb/v7e-m/fpv4-sp/hard/libc_nano.a(lib_a-impure.o)
 .data.SystemCoreClock
                0x0000000020000060        0x4 _build/system_nrf52.o
                0x0000000020000060                SystemCoreClock
                0x0000000020000064                . = ALIGN (0x4)
                0x0000000020000064                PROVIDE (__preinit_array_start, .)
 *(.preinit_array)
                0x0000000020000064                PROVIDE (__preinit_array_end, .)
                0x0000000020000064                . = ALIGN (0x4)
                0x0000000020000064                PROVIDE (__init_array_start, .)
 *(SORT(.init_array.*))
 *(.init_array)
 .init_array    0x0000000020000064        0x4 /usr/local/gcc-arm-none-eabi-6_2-2016q4/bin/../lib/gcc/arm-none-eabi/6.2.1/thumb/v7e-m/fpv4-sp/hard/crtbegin.o
                0x0000000020000068                PROVIDE (__init_array_end, .)
                0x0000000020000068                . = ALIGN (0x4)
                [!provide]                        PROVIDE (__fini_array_start, .)
 *(SORT(.fini_array.*))
 *(.fini_array)
 .fini_array    0x0000000020000068        0x4 /usr/local/gcc-arm-none-eabi-6_2-2016q4/bin/../lib/gcc/arm-none-eabi/6.2.1/thumb/v7e-m/fpv4-sp/hard/crtbegin.o
                [!provide]                        PROVIDE (__fini_array_end, .)
 *(.jcr*)
 .jcr           0x000000002000006c        0x0 /usr/local/gcc-arm-none-eabi-6_2-2016q4/bin/../lib/gcc/arm-none-eabi/6.2.1/thumb/v7e-m/fpv4-sp/hard/crtbegin.o
 .jcr           0x000000002000006c        0x4 /usr/local/gcc-arm-none-eabi-6_2-2016q4/bin/../lib/gcc/arm-none-eabi/6.2.1/thumb/v7e-m/fpv4-sp/hard/crtend.o
                0x0000000020000070                . = ALIGN (0x4)
                0x0000000020000070                __data_end__ = .
LOAD /usr/local/gcc-arm-none-eabi-6_2-2016q4/bin/../lib/gcc/arm-none-eabi/6.2.1/thumb/v7e-m/fpv4-sp/hard/crti.o
LOAD /usr/local/gcc-arm-none-eabi-6_2-2016q4/bin/../lib/gcc/arm-none-eabi/6.2.1/thumb/v7e-m/fpv4-sp/hard/crtbegin.o
LOAD /usr/local/gcc-arm-none-eabi-6_2-2016q4/bin/../lib/gcc/arm-none-eabi/6.2.1/../../../../arm-none-eabi/lib/thumb/v7e-m/fpv4-sp/hard/crt0.o
LOAD /usr/local/gcc-arm-none-eabi-6_2-2016q4/bin/../lib/gcc/arm-none-eabi/6.2.1/../../../../arm-none-eabi/lib/thumb/v7e-m/fpv4-sp/hard/libc_nano.a
LOAD /usr/local/gcc-arm-none-eabi-6_2-2016q4/bin/../lib/gcc/arm-none-eabi/6.2.1/../../../../arm-none-eabi/lib/thumb/v7e-m/fpv4-sp/hard/libnosys.a
LOAD _build/app_button.o
LOAD _build/app_error.o
LOAD _build/app_error_weak.o
LOAD _build/app_timer.o
LOAD _build/app_util_platform.o
LOAD _build/nrf_assert.o
LOAD _build/nrf_delay.o
LOAD _build/nrf_drv_clock.o
LOAD _build/nrf_drv_common.o
LOAD _build/nrf_drv_gpiote.o
LOAD _build/nrf_drv_wdt.o
LOAD _build/nrf_nvic.o
LOAD _build/nrf_soc.o
LOAD _build/bsp.o
LOAD _build/main.o
LOAD _build/system_nrf52.o
LOAD _build/gcc_startup_nrf52.o
LOAD /usr/local/gcc-arm-none-eabi-6_2-2016q4/bin/../lib/gcc/arm-none-eabi/6.2.1/../../../../arm-none-eabi/lib/thumb/v7e-m/fpv4-sp/hard/libm.a
START GROUP
LOAD /usr/local/gcc-arm-none-eabi-6_2-2016q4/bin/../lib/gcc/arm-none-eabi/6.2.1/thumb/v7e-m/fpv4-sp/hard/libgcc.a
LOAD /usr/local/gcc-arm-none-eabi-6_2-2016q4/bin/../lib/gcc/arm-none-eabi/6.2.1/../../../../arm-none-eabi/lib/thumb/v7e-m/fpv4-sp/hard/libc_nano.a
END GROUP
START GROUP
LOAD /usr/local/gcc-arm-none-eabi-6_2-2016q4/bin/../lib/gcc/arm-none-eabi/6.2.1/thumb/v7e-m/fpv4-sp/hard/libgcc.a
LOAD /usr/local/gcc-arm-none-eabi-6_2-2016q4/bin/../lib/gcc/arm-none-eabi/6.2.1/../../../../arm-none-eabi/lib/thumb/v7e-m/fpv4-sp/hard/libc_nano.a
END GROUP
LOAD /usr/local/gcc-arm-none-eabi-6_2-2016q4/bin/../lib/gcc/arm-none-eabi/6.2.1/thumb/v7e-m/fpv4-sp/hard/crtend.o
LOAD /usr/local/gcc-arm-none-eabi-6_2-2016q4/bin/../lib/gcc/arm-none-eabi/6.2.1/thumb/v7e-m/fpv4-sp/hard/crtn.o
START GROUP
LOAD /usr/local/gcc-arm-none-eabi-6_2-2016q4/bin/../lib/gcc/arm-none-eabi/6.2.1/thumb/v7e-m/fpv4-sp/hard/libgcc.a
LOAD /usr/local/gcc-arm-none-eabi-6_2-2016q4/bin/../lib/gcc/arm-none-eabi/6.2.1/../../../../arm-none-eabi/lib/thumb/v7e-m/fpv4-sp/hard/libc.a
LOAD /usr/local/gcc-arm-none-eabi-6_2-2016q4/bin/../lib/gcc/arm-none-eabi/6.2.1/../../../../arm-none-eabi/lib/thumb/v7e-m/fpv4-sp/hard/libnosys.a
END GROUP

.igot.plt       0x0000000020000070        0x0 load address 0x0000000000003ae4
 .igot.plt      0x0000000020000070        0x0 /usr/local/gcc-arm-none-eabi-6_2-2016q4/bin/../lib/gcc/arm-none-eabi/6.2.1/thumb/v7e-m/fpv4-sp/hard/crtbegin.o

.fs_data        0x0000000020000070        0x0
                [!provide]                        PROVIDE (__start_fs_data, .)
 *(.fs_data)
                [!provide]                        PROVIDE (__stop_fs_data, .)

.bss            0x0000000020000070      0x2b4 load address 0x0000000000003ae4
                0x0000000020000070                . = ALIGN (0x4)
                0x0000000020000070                __bss_start__ = .
 *(.bss*)
 .bss           0x0000000020000070       0x1c /usr/local/gcc-arm-none-eabi-6_2-2016q4/bin/../lib/gcc/arm-none-eabi/6.2.1/thumb/v7e-m/fpv4-sp/hard/crtbegin.o
 .bss.mp_buttons
                0x000000002000008c        0x4 _build/app_button.o
 .bss.m_button_count
                0x0000000020000090        0x1 _build/app_button.o
 *fill*         0x0000000020000091        0x3 
 .bss.m_detection_delay
                0x0000000020000094        0x4 _build/app_button.o
 .bss.m_detection_delay_timer_id_data
                0x0000000020000098       0x20 _build/app_button.o
 .bss.m_pin_state
                0x00000000200000b8        0x4 _build/app_button.o
 .bss.m_pin_transition
                0x00000000200000bc        0x4 _build/app_button.o
 .bss.m_user_array_size
                0x00000000200000c0        0x1 _build/app_timer.o
 *fill*         0x00000000200000c1        0x3 
 .bss.mp_users  0x00000000200000c4        0x4 _build/app_timer.o
 .bss.mp_timer_id_head
                0x00000000200000c8        0x4 _build/app_timer.o
 .bss.m_ticks_latest
                0x00000000200000cc        0x4 _build/app_timer.o
 .bss.m_ticks_elapsed
                0x00000000200000d0        0x8 _build/app_timer.o
 .bss.m_ticks_elapsed_q_read_ind
                0x00000000200000d8        0x1 _build/app_timer.o
 .bss.m_ticks_elapsed_q_write_ind
                0x00000000200000d9        0x1 _build/app_timer.o
 *fill*         0x00000000200000da        0x2 
 .bss.m_evt_schedule_func
                0x00000000200000dc        0x4 _build/app_timer.o
 .bss.m_rtc1_running
                0x00000000200000e0        0x1 _build/app_timer.o
 .bss.m_rtc1_reset
                0x00000000200000e1        0x1 _build/app_timer.o
 *fill*         0x00000000200000e2        0x2 
 .bss.m_in_critical_region
                0x00000000200000e4        0x4 _build/app_util_platform.o
 .bss.m_clock_cb
                0x00000000200000e8       0x14 _build/nrf_drv_clock.o
 .bss.m_cb      0x00000000200000fc       0x58 _build/nrf_drv_gpiote.o
 .bss.m_wdt_event_handler
                0x0000000020000154        0x4 _build/nrf_drv_wdt.o
 .bss.m_state   0x0000000020000158        0x1 _build/nrf_drv_wdt.o
 *fill*         0x0000000020000159        0x3 
 .bss.m_alloc_index
                0x000000002000015c        0x4 _build/nrf_drv_wdt.o
 .bss.m_stable_state
                0x0000000020000160        0x1 _build/bsp.o
 *fill*         0x0000000020000161        0x3 
 .bss.m_app_ticks_per_100ms
                0x0000000020000164        0x4 _build/bsp.o
 .bss.m_indication_type
                0x0000000020000168        0x4 _build/bsp.o
 .bss.m_alert_mask
                0x000000002000016c        0x4 _build/bsp.o
 .bss.m_leds_timer_id_data
                0x0000000020000170       0x20 _build/bsp.o
 .bss.m_alert_timer_id_data
                0x0000000020000190       0x20 _build/bsp.o
 .bss.m_registered_callback
                0x00000000200001b0        0x4 _build/bsp.o
 .bss.m_events_list
                0x00000000200001b4        0xc _build/bsp.o
 .bss.m_button_timer_id_data
                0x00000000200001c0       0x20 _build/bsp.o
 .bss.current_long_push_pin_no.8336
                0x00000000200001e0        0x1 _build/bsp.o
 *fill*         0x00000000200001e1        0x3 
 .bss.release_event_at_push.8337
                0x00000000200001e4        0x4 _build/bsp.o
 .bss.APP_TIMER_BUF.8680
                0x00000000200001e8      0x138 _build/main.o
 *(COMMON)
 COMMON         0x0000000020000320        0x1 _build/main.o
                0x0000000020000320                m_channel_id
                0x0000000020000324                . = ALIGN (0x4)
 *fill*         0x0000000020000321        0x3 
                0x0000000020000324                __bss_end__ = .

.heap           0x0000000020000328     0x2000
                0x0000000020000328                __end__ = .
                [!provide]                        PROVIDE (end, .)
 *(.heap*)
 .heap          0x0000000020000328     0x2000 _build/gcc_startup_nrf52.o
                0x0000000020000328                __HeapBase
                0x0000000020002328                __HeapLimit = .

.stack_dummy    0x0000000020000328     0x2000
 *(.stack*)
 .stack         0x0000000020000328     0x2000 _build/gcc_startup_nrf52.o
                0x0000000020010000                __StackTop = (ORIGIN (RAM) + LENGTH (RAM))
                0x000000002000e000                __StackLimit = (__StackTop - SIZEOF (.stack_dummy))
                0x0000000020010000                PROVIDE (__stack, __StackTop)
                0x0000000000000001                ASSERT ((__StackLimit >= __HeapLimit), region RAM overflowed with stack)
OUTPUT(_build/nrf52832_xxaa.out elf32-littlearm)

.ARM.attributes
                0x0000000000000000       0x30
 .ARM.attributes
                0x0000000000000000       0x22 /usr/local/gcc-arm-none-eabi-6_2-2016q4/bin/../lib/gcc/arm-none-eabi/6.2.1/thumb/v7e-m/fpv4-sp/hard/crti.o
 .ARM.attributes
                0x0000000000000022       0x34 /usr/local/gcc-arm-none-eabi-6_2-2016q4/bin/../lib/gcc/arm-none-eabi/6.2.1/thumb/v7e-m/fpv4-sp/hard/crtbegin.o
 .ARM.attributes
                0x0000000000000056       0x20 /usr/local/gcc-arm-none-eabi-6_2-2016q4/bin/../lib/gcc/arm-none-eabi/6.2.1/../../../../arm-none-eabi/lib/thumb/v7e-m/fpv4-sp/hard/crt0.o
 .ARM.attributes
                0x0000000000000076       0x34 /usr/local/gcc-arm-none-eabi-6_2-2016q4/bin/../lib/gcc/arm-none-eabi/6.2.1/../../../../arm-none-eabi/lib/thumb/v7e-m/fpv4-sp/hard/libc_nano.a(lib_a-exit.o)
 .ARM.attributes
                0x00000000000000aa       0x34 /usr/local/gcc-arm-none-eabi-6_2-2016q4/bin/../lib/gcc/arm-none-eabi/6.2.1/../../../../arm-none-eabi/lib/thumb/v7e-m/fpv4-sp/hard/libc_nano.a(lib_a-impure.o)
 .ARM.attributes
                0x00000000000000de       0x34 /usr/local/gcc-arm-none-eabi-6_2-2016q4/bin/../lib/gcc/arm-none-eabi/6.2.1/../../../../arm-none-eabi/lib/thumb/v7e-m/fpv4-sp/hard/libc_nano.a(lib_a-init.o)
 .ARM.attributes
                0x0000000000000112       0x34 /usr/local/gcc-arm-none-eabi-6_2-2016q4/bin/../lib/gcc/arm-none-eabi/6.2.1/../../../../arm-none-eabi/lib/thumb/v7e-m/fpv4-sp/hard/libc_nano.a(lib_a-memset.o)
 .ARM.attributes
                0x0000000000000146       0x34 /usr/local/gcc-arm-none-eabi-6_2-2016q4/bin/../lib/gcc/arm-none-eabi/6.2.1/../../../../arm-none-eabi/lib/thumb/v7e-m/fpv4-sp/hard/libnosys.a(_exit.o)
 .ARM.attributes
                0x000000000000017a       0x39 _build/app_button.o
 .ARM.attributes
                0x00000000000001b3       0x39 _build/app_error.o
 .ARM.attributes
                0x00000000000001ec       0x39 _build/app_error_weak.o
 .ARM.attributes
                0x0000000000000225       0x39 _build/app_timer.o
 .ARM.attributes
                0x000000000000025e       0x39 _build/app_util_platform.o
 .ARM.attributes
                0x0000000000000297       0x39 _build/nrf_delay.o
 .ARM.attributes
                0x00000000000002d0       0x39 _build/nrf_drv_clock.o
 .ARM.attributes
                0x0000000000000309       0x39 _build/nrf_drv_common.o
 .ARM.attributes
                0x0000000000000342       0x39 _build/nrf_drv_gpiote.o
 .ARM.attributes
                0x000000000000037b       0x39 _build/nrf_drv_wdt.o
 .ARM.attributes
                0x00000000000003b4       0x39 _build/bsp.o
 .ARM.attributes
                0x00000000000003ed       0x39 _build/main.o
 .ARM.attributes
                0x0000000000000426       0x39 _build/system_nrf52.o
 .ARM.attributes
                0x000000000000045f       0x1c _build/gcc_startup_nrf52.o
 .ARM.attributes
                0x000000000000047b       0x34 /usr/local/gcc-arm-none-eabi-6_2-2016q4/bin/../lib/gcc/arm-none-eabi/6.2.1/thumb/v7e-m/fpv4-sp/hard/crtend.o
 .ARM.attributes
                0x00000000000004af       0x22 /usr/local/gcc-arm-none-eabi-6_2-2016q4/bin/../lib/gcc/arm-none-eabi/6.2.1/thumb/v7e-m/fpv4-sp/hard/crtn.o

.comment        0x0000000000000000       0x6e
 .comment       0x0000000000000000       0x6e _build/app_button.o
                                         0x6f (size before relaxing)
 .comment       0x000000000000006e       0x6f _build/app_error.o
 .comment       0x000000000000006e       0x6f _build/app_error_weak.o
 .comment       0x000000000000006e       0x6f _build/app_timer.o
 .comment       0x000000000000006e       0x6f _build/app_util_platform.o
 .comment       0x000000000000006e       0x6f _build/nrf_delay.o
 .comment       0x000000000000006e       0x6f _build/nrf_drv_clock.o
 .comment       0x000000000000006e       0x6f _build/nrf_drv_common.o
 .comment       0x000000000000006e       0x6f _build/nrf_drv_gpiote.o
 .comment       0x000000000000006e       0x6f _build/nrf_drv_wdt.o
 .comment       0x000000000000006e       0x6f _build/bsp.o
 .comment       0x000000000000006e       0x6f _build/main.o
 .comment       0x000000000000006e       0x6f _build/system_nrf52.o

.debug_frame    0x0000000000000000     0x1da0
 .debug_frame   0x0000000000000000       0x28 /usr/local/gcc-arm-none-eabi-6_2-2016q4/bin/../lib/gcc/arm-none-eabi/6.2.1/../../../../arm-none-eabi/lib/thumb/v7e-m/fpv4-sp/hard/libc_nano.a(lib_a-exit.o)
 .debug_frame   0x0000000000000028       0x2c /usr/local/gcc-arm-none-eabi-6_2-2016q4/bin/../lib/gcc/arm-none-eabi/6.2.1/../../../../arm-none-eabi/lib/thumb/v7e-m/fpv4-sp/hard/libc_nano.a(lib_a-init.o)
 .debug_frame   0x0000000000000054       0x20 /usr/local/gcc-arm-none-eabi-6_2-2016q4/bin/../lib/gcc/arm-none-eabi/6.2.1/../../../../arm-none-eabi/lib/thumb/v7e-m/fpv4-sp/hard/libc_nano.a(lib_a-memset.o)
 .debug_frame   0x0000000000000074       0x20 /usr/local/gcc-arm-none-eabi-6_2-2016q4/bin/../lib/gcc/arm-none-eabi/6.2.1/../../../../arm-none-eabi/lib/thumb/v7e-m/fpv4-sp/hard/libnosys.a(_exit.o)
 .debug_frame   0x0000000000000094       0xe8 _build/app_button.o
 .debug_frame   0x000000000000017c       0x80 _build/app_error.o
 .debug_frame   0x00000000000001fc       0x4c _build/app_error_weak.o
 .debug_frame   0x0000000000000248      0x5ec _build/app_timer.o
 .debug_frame   0x0000000000000834       0x98 _build/app_util_platform.o
 .debug_frame   0x00000000000008cc       0x38 _build/nrf_delay.o
 .debug_frame   0x0000000000000904      0x434 _build/nrf_drv_clock.o
 .debug_frame   0x0000000000000d38       0xac _build/nrf_drv_common.o
 .debug_frame   0x0000000000000de4      0x974 _build/nrf_drv_gpiote.o
 .debug_frame   0x0000000000001758      0x218 _build/nrf_drv_wdt.o
 .debug_frame   0x0000000000001970      0x210 _build/bsp.o
 .debug_frame   0x0000000000001b80       0xdc _build/main.o
 .debug_frame   0x0000000000001c5c      0x144 _build/system_nrf52.o

.debug_info     0x0000000000000000     0xd311
 .debug_info    0x0000000000000000      0xcdd _build/app_button.o
 .debug_info    0x0000000000000cdd      0xb22 _build/app_error.o
 .debug_info    0x00000000000017ff      0xb42 _build/app_error_weak.o
 .debug_info    0x0000000000002341     0x1dd1 _build/app_timer.o
 .debug_info    0x0000000000004112      0x9bb _build/app_util_platform.o
 .debug_info    0x0000000000004acd      0x947 _build/nrf_delay.o
 .debug_info    0x0000000000005414     0x1422 _build/nrf_drv_clock.o
 .debug_info    0x0000000000006836      0xdaf _build/nrf_drv_common.o
 .debug_info    0x00000000000075e5     0x1ec2 _build/nrf_drv_gpiote.o
 .debug_info    0x00000000000094a7      0xf73 _build/nrf_drv_wdt.o
 .debug_info    0x000000000000a41a     0x1241 _build/bsp.o
 .debug_info    0x000000000000b65b      0xf41 _build/main.o
 .debug_info    0x000000000000c59c      0xd75 _build/system_nrf52.o

.debug_abbrev   0x0000000000000000     0x2389
 .debug_abbrev  0x0000000000000000      0x240 _build/app_button.o
 .debug_abbrev  0x0000000000000240      0x218 _build/app_error.o
 .debug_abbrev  0x0000000000000458      0x216 _build/app_error_weak.o
 .debug_abbrev  0x000000000000066e      0x43e _build/app_timer.o
 .debug_abbrev  0x0000000000000aac      0x209 _build/app_util_platform.o
 .debug_abbrev  0x0000000000000cb5      0x215 _build/nrf_delay.o
 .debug_abbrev  0x0000000000000eca      0x3bb _build/nrf_drv_clock.o
 .debug_abbrev  0x0000000000001285      0x254 _build/nrf_drv_common.o
 .debug_abbrev  0x00000000000014d9      0x3e0 _build/nrf_drv_gpiote.o
 .debug_abbrev  0x00000000000018b9      0x2d2 _build/nrf_drv_wdt.o
 .debug_abbrev  0x0000000000001b8b      0x314 _build/bsp.o
 .debug_abbrev  0x0000000000001e9f      0x30b _build/main.o
 .debug_abbrev  0x00000000000021aa      0x1df _build/system_nrf52.o

.debug_aranges  0x0000000000000000      0x768
 .debug_aranges
                0x0000000000000000       0x48 _build/app_button.o
 .debug_aranges
                0x0000000000000048       0x30 _build/app_error.o
 .debug_aranges
                0x0000000000000078       0x28 _build/app_error_weak.o
 .debug_aranges
                0x00000000000000a0      0x160 _build/app_timer.o
 .debug_aranges
                0x0000000000000200       0x38 _build/app_util_platform.o
 .debug_aranges
                0x0000000000000238       0x20 _build/nrf_delay.o
 .debug_aranges
                0x0000000000000258      0x108 _build/nrf_drv_clock.o
 .debug_aranges
                0x0000000000000360       0x38 _build/nrf_drv_common.o
 .debug_aranges
                0x0000000000000398      0x210 _build/nrf_drv_gpiote.o
 .debug_aranges
                0x00000000000005a8       0x88 _build/nrf_drv_wdt.o
 .debug_aranges
                0x0000000000000630       0x88 _build/bsp.o
 .debug_aranges
                0x00000000000006b8       0x48 _build/main.o
 .debug_aranges
                0x0000000000000700       0x68 _build/system_nrf52.o

.debug_ranges   0x0000000000000000      0x6b0
 .debug_ranges  0x0000000000000000       0x38 _build/app_button.o
 .debug_ranges  0x0000000000000038       0x20 _build/app_error.o
 .debug_ranges  0x0000000000000058       0x18 _build/app_error_weak.o
 .debug_ranges  0x0000000000000070      0x150 _build/app_timer.o
 .debug_ranges  0x00000000000001c0       0x28 _build/app_util_platform.o
 .debug_ranges  0x00000000000001e8       0x10 _build/nrf_delay.o
 .debug_ranges  0x00000000000001f8      0x110 _build/nrf_drv_clock.o
 .debug_ranges  0x0000000000000308       0x28 _build/nrf_drv_common.o
 .debug_ranges  0x0000000000000330      0x200 _build/nrf_drv_gpiote.o
 .debug_ranges  0x0000000000000530       0x78 _build/nrf_drv_wdt.o
 .debug_ranges  0x00000000000005a8       0x78 _build/bsp.o
 .debug_ranges  0x0000000000000620       0x38 _build/main.o
 .debug_ranges  0x0000000000000658       0x58 _build/system_nrf52.o

.debug_macro    0x0000000000000000    0x17551
 .debug_macro   0x0000000000000000      0x34a _build/app_button.o
 .debug_macro   0x000000000000034a      0x90a _build/app_button.o
 .debug_macro   0x0000000000000c54       0x22 _build/app_button.o
 .debug_macro   0x0000000000000c76       0x87 _build/app_button.o
 .debug_macro   0x0000000000000cfd       0x51 _build/app_button.o
 .debug_macro   0x0000000000000d4e       0xef _build/app_button.o
 .debug_macro   0x0000000000000e3d       0x6a _build/app_button.o
 .debug_macro   0x0000000000000ea7      0x1df _build/app_button.o
 .debug_macro   0x0000000000001086       0x22 _build/app_button.o
 .debug_macro   0x00000000000010a8       0x1c _build/app_button.o
 .debug_macro   0x00000000000010c4       0x2d _build/app_button.o
 .debug_macro   0x00000000000010f1       0x3b _build/app_button.o
 .debug_macro   0x000000000000112c       0x50 _build/app_button.o
 .debug_macro   0x000000000000117c      0xe66 _build/app_button.o
 .debug_macro   0x0000000000001fe2      0x3a0 _build/app_button.o
 .debug_macro   0x0000000000002382    0x10245 _build/app_button.o
 .debug_macro   0x00000000000125c7     0x12c7 _build/app_button.o
 .debug_macro   0x000000000001388e       0x7c _build/app_button.o
 .debug_macro   0x000000000001390a       0x1c _build/app_button.o
 .debug_macro   0x0000000000013926       0x52 _build/app_button.o
 .debug_macro   0x0000000000013978       0x35 _build/app_button.o
 .debug_macro   0x00000000000139ad       0x9c _build/app_button.o
 .debug_macro   0x0000000000013a49       0x16 _build/app_button.o
 .debug_macro   0x0000000000013a5f       0x97 _build/app_button.o
 .debug_macro   0x0000000000013af6      0x330 _build/app_button.o
 .debug_macro   0x0000000000013e26       0xf6 _build/app_button.o
 .debug_macro   0x0000000000013f1c       0x10 _build/app_button.o
 .debug_macro   0x0000000000013f2c       0x52 _build/app_button.o
 .debug_macro   0x0000000000013f7e       0x1f _build/app_button.o
 .debug_macro   0x0000000000013f9d       0x43 _build/app_button.o
 .debug_macro   0x0000000000013fe0       0x20 _build/app_button.o
 .debug_macro   0x0000000000014000      0x187 _build/app_button.o
 .debug_macro   0x0000000000014187       0x10 _build/app_button.o
 .debug_macro   0x0000000000014197       0x1c _build/app_button.o
 .debug_macro   0x00000000000141b3       0x52 _build/app_button.o
 .debug_macro   0x0000000000014205       0x40 _build/app_button.o
 .debug_macro   0x0000000000014245       0x10 _build/app_button.o
 .debug_macro   0x0000000000014255       0x40 _build/app_button.o
 .debug_macro   0x0000000000014295       0xd7 _build/app_button.o
 .debug_macro   0x000000000001436c       0x16 _build/app_button.o
 .debug_macro   0x0000000000014382      0x18b _build/app_button.o
 .debug_macro   0x000000000001450d       0x8e _build/app_button.o
 .debug_macro   0x000000000001459b       0x70 _build/app_button.o
 .debug_macro   0x000000000001460b      0x11e _build/app_button.o
 .debug_macro   0x0000000000014729       0x4c _build/app_button.o
 .debug_macro   0x0000000000014775       0x67 _build/app_button.o
 .debug_macro   0x00000000000147dc       0xbb _build/app_button.o
 .debug_macro   0x0000000000014897       0x2b _build/app_button.o
 .debug_macro   0x00000000000148c2       0x10 _build/app_button.o
 .debug_macro   0x00000000000148d2       0x1c _build/app_button.o
 .debug_macro   0x00000000000148ee       0x47 _build/app_button.o
 .debug_macro   0x0000000000014935       0x11 _build/app_button.o
 .debug_macro   0x0000000000014946      0x172 _build/app_button.o
 .debug_macro   0x0000000000014ab8       0x2e _build/app_button.o
 .debug_macro   0x0000000000014ae6       0x16 _build/app_button.o
 .debug_macro   0x0000000000014afc       0x35 _build/app_button.o
 .debug_macro   0x0000000000014b31       0x22 _build/app_button.o
 .debug_macro   0x0000000000014b53       0x37 _build/app_button.o
 .debug_macro   0x0000000000014b8a      0x2a4 _build/app_error.o
 .debug_macro   0x0000000000014e2e       0x35 _build/app_error.o
 .debug_macro   0x0000000000014e63      0x29e _build/app_error_weak.o
 .debug_macro   0x0000000000015101      0x3a8 _build/app_timer.o
 .debug_macro   0x00000000000154a9       0x41 _build/app_timer.o
 .debug_macro   0x00000000000154ea       0x16 _build/app_timer.o
 .debug_macro   0x0000000000015500       0x16 _build/app_timer.o
 .debug_macro   0x0000000000015516       0x29 _build/app_timer.o
 .debug_macro   0x000000000001553f       0x60 _build/app_timer.o
 .debug_macro   0x000000000001559f       0x16 _build/app_timer.o
 .debug_macro   0x00000000000155b5      0x2b7 _build/app_util_platform.o
 .debug_macro   0x000000000001586c       0x28 _build/app_util_platform.o
 .debug_macro   0x0000000000015894       0x6d _build/app_util_platform.o
 .debug_macro   0x0000000000015901      0x23e _build/nrf_delay.o
 .debug_macro   0x0000000000015b3f       0x4c _build/nrf_delay.o
 .debug_macro   0x0000000000015b8b       0x8d _build/nrf_delay.o
 .debug_macro   0x0000000000015c18       0x57 _build/nrf_delay.o
 .debug_macro   0x0000000000015c6f      0x336 _build/nrf_drv_clock.o
 .debug_macro   0x0000000000015fa5       0x10 _build/nrf_drv_clock.o
 .debug_macro   0x0000000000015fb5       0x10 _build/nrf_drv_clock.o
 .debug_macro   0x0000000000015fc5      0x2ed _build/nrf_drv_common.o
 .debug_macro   0x00000000000162b2      0x16d _build/nrf_drv_common.o
 .debug_macro   0x000000000001641f      0x33d _build/nrf_drv_gpiote.o
 .debug_macro   0x000000000001675c      0x305 _build/nrf_drv_wdt.o
 .debug_macro   0x0000000000016a61       0x1c _build/nrf_drv_wdt.o
 .debug_macro   0x0000000000016a7d      0x355 _build/bsp.o
 .debug_macro   0x0000000000016dd2      0x280 _build/bsp.o
 .debug_macro   0x0000000000017052       0x22 _build/bsp.o
 .debug_macro   0x0000000000017074       0x5e _build/bsp.o
 .debug_macro   0x00000000000170d2      0x38a _build/main.o
 .debug_macro   0x000000000001745c       0xf5 _build/system_nrf52.o

.debug_line     0x0000000000000000     0x7530
 .debug_line    0x0000000000000000      0x9dc _build/app_button.o
 .debug_line    0x00000000000009dc      0x642 _build/app_error.o
 .debug_line    0x000000000000101e      0x631 _build/app_error_weak.o
 .debug_line    0x000000000000164f      0xc9a _build/app_timer.o
 .debug_line    0x00000000000022e9      0x66c _build/app_util_platform.o
 .debug_line    0x0000000000002955      0x532 _build/nrf_delay.o
 .debug_line    0x0000000000002e87      0xb1d _build/nrf_drv_clock.o
 .debug_line    0x00000000000039a4      0x7d2 _build/nrf_drv_common.o
 .debug_line    0x0000000000004176      0xf08 _build/nrf_drv_gpiote.o
 .debug_line    0x000000000000507e      0x984 _build/nrf_drv_wdt.o
 .debug_line    0x0000000000005a02      0xa0a _build/bsp.o
 .debug_line    0x000000000000640c      0xbf3 _build/main.o
 .debug_line    0x0000000000006fff      0x531 _build/system_nrf52.o

.debug_str      0x0000000000000000    0x7750f
 .debug_str     0x0000000000000000    0x72590 _build/app_button.o
                                      0x73173 (size before relaxing)
 .debug_str     0x0000000000072590      0x14b _build/app_error.o
                                      0x71d06 (size before relaxing)
 .debug_str     0x00000000000726db      0x100 _build/app_error_weak.o
                                      0x71c98 (size before relaxing)
 .debug_str     0x00000000000727db      0xfc4 _build/app_timer.o
                                      0x73460 (size before relaxing)
 .debug_str     0x000000000007379f       0xf4 _build/app_util_platform.o
                                      0x71e48 (size before relaxing)
 .debug_str     0x0000000000073893       0x85 _build/nrf_delay.o
                                      0x70571 (size before relaxing)
 .debug_str     0x0000000000073918      0x94f _build/nrf_drv_clock.o
                                      0x73070 (size before relaxing)
 .debug_str     0x0000000000074267       0x8b _build/nrf_drv_common.o
                                      0x7274d (size before relaxing)
 .debug_str     0x00000000000742f2      0xfa7 _build/nrf_drv_gpiote.o
                                      0x73d3a (size before relaxing)
 .debug_str     0x0000000000075299      0x500 _build/nrf_drv_wdt.o
                                      0x72c6b (size before relaxing)
 .debug_str     0x0000000000075799     0x19ea _build/bsp.o
                                      0x73b05 (size before relaxing)
 .debug_str     0x0000000000077183       0xec _build/main.o
                                      0x7402b (size before relaxing)
 .debug_str     0x000000000007726f      0x2a0 _build/system_nrf52.o
                                      0x6c9a3 (size before relaxing)
